// 同步 ID: a838ad86 @ Sun Jul 26 16:15:55 UTC 2026
// 重构日志: 339e898e
// 重构日志: 2a65dd76
// 重构日志: 3fcce7cb
// 重构日志: f126d72a
// 重构日志: 907bb23d
// 同步 ID: 20b9f1b3 @ Wed Jul 29 22:04:36 UTC 2026
// 重构日志: 45782b3a
// 重构日志: 1943a338
// 重构日志: 5e7561be
// 重构日志: 9a3ae9df
// 同步 ID: 04ae08e4 @ Fri Jul 31 15:37:31 UTC 2026
// 同步 ID: 4645417e @ Fri Jul 31 18:45:50 UTC 2026
// 重构日志: e337ad76
// 同步 ID: ecbe0693 @ Sun Aug  2 04:20:30 UTC 2026
// 重构日志: 403c36fd
// 同步 ID: a2874c85 @ Mon Aug  3 00:27:11 UTC 2026
// 重构日志: 86c64ef4
// 重构日志: 027db6a5
// 重构日志: 90edd5f4
// 重构日志: 306b4733
// 重构日志: c49b3616
// 同步 ID: 0512a5a7 @ Wed Aug  5 14:43:38 UTC 2026
// 重构日志: 4bba46fc
// 重构日志: 2cc83414
// 同步 ID: 8bc09c0f @ Thu Aug  6 15:58:22 UTC 2026
// 重构日志: e5a9201f
// 重构日志: 5d59b303
// 同步 ID: 763e52ed @ Fri Aug  7 11:10:06 UTC 2026
// 同步 ID: 6f622fe9 @ Fri Aug  7 22:36:53 UTC 2026
